senpi: /Volumes/mengmotaStorage/local-workspaces/omo-wt/memorian-gate/node_modules/@code-yeongyu/senpi/dist/cli.js (2026.8.31)
outDir: /Volumes/mengmotaStorage/local-workspaces/omo-wt/memorian-gate/.omo/evidence/omo-senpi-adapter/20260831-memorian-gate/live-gate
PASS HAPPY corpus note committed at HEAD :: HEAD=95904a95c5af files=reference/project/test-note.md,skills/memory-discipline/SKILL.md,system/facts.md,system/human.md,system/persona.md
PASS HAPPY turn 1 is the session's FIRST turn (exactly one user message) :: userTurns=1
FAIL HAPPY turn 1 settle spawned the gate child exactly once :: invocations=0
FAIL HAPPY child argv carries the production flag set (--no-extensions + -e + --tools nudge,read) :: []
FAIL HAPPY child env carries the memorian sentinel and the nudge sink :: sentinel=undefined nudgePath=undefined
FAIL HAPPY candidates payload handed to the child contains the seeded note :: null
PASS HAPPY turn 1 carries NO recall entry (the gate advises the NEXT turn) :: count=0
FAIL HAPPY the validated nudge persisted to the pending store after turn 1 :: {"dir":"/private/var/folders/h6/w548ypzn1k78_xqndn63y7xc0000gn/T/omo-senpi-qa-T17ZT1/memory/agents/project-46b0a306/runtime/recall/pending","files":[]}
FAIL HAPPY turn 2 JSONL contains an omo-memorian:recall entry :: count=0 shapes=
FAIL HAPPY turn 2 content carries <recalled-memory source="[[reference/project/test-note.md]]" :: 
FAIL HAPPY turn 2 content carries the stub judge's hint verbatim :: 
PASS HAPPY the pending file was consumed by the injection :: {"dir":"/private/var/folders/h6/w548ypzn1k78_xqndn63y7xc0000gn/T/omo-senpi-qa-T17ZT1/memory/agents/project-46b0a306/runtime/recall/pending","files":[]}
FAIL HAPPY the ledger marks the injected path as surfaced :: {"present":false,"files":[]}
PASS DISABLED corpus note committed at HEAD :: HEAD=da04e19aa11e files=reference/project/test-note.md,skills/memory-discipline/SKILL.md,system/facts.md,system/human.md,system/persona.md
PASS DISABLED session ran 2 turn(s) :: userTurns=2
PASS DISABLED zero omo-memorian:recall entries :: count=0 []
PASS DISABLED nothing pending for a later turn :: {"dir":"/private/var/folders/h6/w548ypzn1k78_xqndn63y7xc0000gn/T/omo-senpi-qa-wPAS2k/memory/agents/project-777c32bc/runtime/recall/pending","files":[]}
PASS DISABLED the gate child never spawned :: invocations=0 []
PASS NO-CANDIDATES corpus note committed at HEAD :: HEAD=4ff516a5d8ba files=reference/project/test-note.md,skills/memory-discipline/SKILL.md,system/facts.md,system/human.md,system/persona.md
PASS NO-CANDIDATES session ran 2 turn(s) :: userTurns=2
PASS NO-CANDIDATES zero omo-memorian:recall entries :: count=0 []
PASS NO-CANDIDATES nothing pending for a later turn :: {"dir":"/private/var/folders/h6/w548ypzn1k78_xqndn63y7xc0000gn/T/omo-senpi-qa-ul5Nwz/memory/agents/project-2d41e8c2/runtime/recall/pending","files":[]}
PASS NO-CANDIDATES the gate child never spawned :: invocations=0 []
PASS INVALID-NUDGE corpus note committed at HEAD :: HEAD=6d98479c356f files=reference/project/test-note.md,skills/memory-discipline/SKILL.md,system/facts.md,system/human.md,system/persona.md
PASS INVALID-NUDGE session ran 2 turn(s) :: userTurns=2
PASS INVALID-NUDGE zero omo-memorian:recall entries :: count=0 []
PASS INVALID-NUDGE nothing pending for a later turn :: {"dir":"/private/var/folders/h6/w548ypzn1k78_xqndn63y7xc0000gn/T/omo-senpi-qa-fkYtZL/memory/agents/project-d23936a0/runtime/recall/pending","files":[]}
FAIL INVALID-NUDGE the gate child DID spawn (the rejection is the parent validator's) :: invocations=0
PASS LOOP no facts/reflection projection derives from the injected nudge :: projections=4 recallDerived=0 []
FAIL LOOP the source session really contains the injection :: count=0
PASS REAL-CHILD production argv keeps --no-extensions alongside the explicit -e extension :: ["/Volumes/mengmotaStorage/local-workspaces/omo-wt/memorian-gate/node_modules/@code-yeongyu/senpi/dist/cli.js","-p","--system-prompt","/private/var/folders/h6/w548ypzn1k78_xqndn63y7xc0000gn/T/omo-senpi-qa-1iidzj/memorian-run/memorian-persona.md","--tools","nudge,read","-e","/private/var/folders/h6/w548ypzn1k78_xqndn63y7xc0000gn/T/omo-senpi-qa-1iidzj/memorian-run/nudge-extension.ts","--no-extension
PASS REAL-CHILD production argv restricts tools to nudge,read :: --tools nudge,read
PASS REAL-CHILD the real child booted and exited cleanly :: status=0 stderr=
PASS REAL-CHILD the real child's NDJSON line matches the scripted nudge EXACTLY :: lines=1 first={"path":"reference/project/test-note.md","hint":"Rebase the oldest reviewed branch first so the dependent stack never inverts."}
PASS SINGLE-TURN corpus note committed at HEAD :: HEAD=57855904adff files=reference/project/test-note.md,skills/memory-discipline/SKILL.md,system/facts.md,system/human.md,system/persona.md
PASS SINGLE-TURN session ran 1 turn(s) :: userTurns=1
PASS SINGLE-TURN zero omo-memorian:recall entries :: count=0 []
PASS SINGLE-TURN nothing pending for a later turn :: {"dir":"/private/var/folders/h6/w548ypzn1k78_xqndn63y7xc0000gn/T/omo-senpi-qa-qNiadH/memory/agents/project-a1ffae3d/runtime/recall/pending","files":[]}
FAIL SINGLE-TURN the gate child DID spawn (the rejection is the parent validator's) :: invocations=0
PASS isolation: real ~/.senpi/agent untouched (volatile paths excluded) :: 4a361868d294 vs 4a361868d294
PASS isolation: real ~/.omo/memory has no QA-attributable pending nudge or corpus file :: before={"agents":412,"pendingFiles":[],"tokenBearingFiles":[]} after={"agents":412,"pendingFiles":[],"tokenBearingFiles":[]}
PASS cleanup: every sandbox removed :: [{"root":"/private/var/folders/h6/w548ypzn1k78_xqndn63y7xc0000gn/T/omo-senpi-qa-T17ZT1","exists":false},{"root":"/private/var/folders/h6/w548ypzn1k78_xqndn63y7xc0000gn/T/omo-senpi-qa-wPAS2k","exists":false},{"root":"/private/var/folders/h6/w548ypzn1k78_xqndn63y7xc0000gn/T/omo-senpi-qa-ul5Nwz","exists":false},{"root":"/private/var/folders/h6/w548ypzn1k78_xqndn63y7xc0000gn/T/omo-senpi-qa-fkYtZL","ex
{
  "result": "FAIL",
  "scenarioVerdicts": [
    {
      "scenario": "HAPPY",
      "verdict": "FAIL",
      "assertions": 13,
      "failed": [
        "HAPPY turn 1 settle spawned the gate child exactly once",
        "HAPPY child argv carries the production flag set (--no-extensions + -e + --tools nudge,read)",
        "HAPPY child env carries the memorian sentinel and the nudge sink",
        "HAPPY candidates payload handed to the child contains the seeded note",
        "HAPPY the validated nudge persisted to the pending store after turn 1",
        "HAPPY turn 2 JSONL contains an omo-memorian:recall entry",
        "HAPPY turn 2 content carries <recalled-memory source=\"[[reference/project/test-note.md]]\"",
        "HAPPY turn 2 content carries the stub judge's hint verbatim",
        "HAPPY the ledger marks the injected path as surfaced"
      ]
    },
    {
      "scenario": "DISABLED",
      "verdict": "PASS",
      "assertions": 5,
      "failed": []
    },
    {
      "scenario": "NO-CANDIDATES",
      "verdict": "PASS",
      "assertions": 5,
      "failed": []
    },
    {
      "scenario": "INVALID-NUDGE",
      "verdict": "FAIL",
      "assertions": 5,
      "failed": [
        "INVALID-NUDGE the gate child DID spawn (the rejection is the parent validator's)"
      ]
    },
    {
      "scenario": "LOOP",
      "verdict": "FAIL",
      "assertions": 2,
      "failed": [
        "LOOP the source session really contains the injection"
      ]
    },
    {
      "scenario": "REAL-CHILD",
      "verdict": "PASS",
      "assertions": 4,
      "failed": []
    },
    {
      "scenario": "SINGLE-TURN",
      "verdict": "FAIL",
      "assertions": 5,
      "failed": [
        "SINGLE-TURN the gate child DID spawn (the rejection is the parent validator's)"
      ]
    }
  ],
  "failures": [
    {
      "name": "HAPPY turn 1 settle spawned the gate child exactly once",
      "detail": "invocations=0"
    },
    {
      "name": "HAPPY child argv carries the production flag set (--no-extensions + -e + --tools nudge,read)",
      "detail": "[]"
    },
    {
      "name": "HAPPY child env carries the memorian sentinel and the nudge sink",
      "detail": "sentinel=undefined nudgePath=undefined"
    },
    {
      "name": "HAPPY candidates payload handed to the child contains the seeded note",
      "detail": "null"
    },
    {
      "name": "HAPPY the validated nudge persisted to the pending store after turn 1",
      "detail": "{\"dir\":\"/private/var/folders/h6/w548ypzn1k78_xqndn63y7xc0000gn/T/omo-senpi-qa-T17ZT1/memory/agents/project-46b0a306/runtime/recall/pending\",\"files\":[]}"
    },
    {
      "name": "HAPPY turn 2 JSONL contains an omo-memorian:recall entry",
      "detail": "count=0 shapes="
    },
    {
      "name": "HAPPY turn 2 content carries <recalled-memory source=\"[[reference/project/test-note.md]]\"",
      "detail": ""
    },
    {
      "name": "HAPPY turn 2 content carries the stub judge's hint verbatim",
      "detail": ""
    },
    {
      "name": "HAPPY the ledger marks the injected path as surfaced",
      "detail": "{\"present\":false,\"files\":[]}"
    },
    {
      "name": "INVALID-NUDGE the gate child DID spawn (the rejection is the parent validator's)",
      "detail": "invocations=0"
    },
    {
      "name": "LOOP the source session really contains the injection",
      "detail": "count=0"
    },
    {
      "name": "SINGLE-TURN the gate child DID spawn (the rejection is the parent validator's)",
      "detail": "invocations=0"
    }
  ]
}
