bun test v1.4.0 (34cbb9a40)

packages/omo-senpi/scripts/qa/isolation-state-races.test.mjs:
(pass) #given a same-size in-place overwrite after an observation read #when metadata is verified #then the snapshot fails closed [7.07ms]
(pass) #given a same-size in-place overwrite after a protected read #when metadata is verified #then the snapshot fails closed [10.23ms]
(pass) #given an existence probe would hide inaccessible protected state #when opened directly #then EACCES fails closed [0.30ms]
(pass) #given only volatile settings stamps change #when bounded complete-tree snapshots are compared #then settings stay unchanged [0.61ms]
(pass) #given an enumerated entry vanishes before stat #when the bounded complete-tree snapshot runs #then the transient entry is tolerated [0.29ms]
(pass) #given replacement between initial stat and open #when snapshotted #then public paths preserve FILE_REPLACED [0.60ms]
(pass) #given success or primary failure plus close failure #when reading #then primary-operation precedence is stable [0.54ms]
(pass) #given ENOENT stat then open success and close failure #when absence races #then FILE_REPLACED remains primary [0.28ms]
(pass) #given transient or primary complete-tree read errors #when digesting #then only ENOENT and ENOTDIR are tolerated [0.49ms]

packages/omo-senpi/scripts/qa/isolation-ultrabrain-blockers.test.mjs:
(pass) #given an observation I/O error #when the canonical verdict is built #then untouched fails closed [0.13ms]
(pass) #given a truncated bounded observation #when the canonical verdict is built #then untouched fails closed [0.09ms]
(pass) #given a persistent symlink is created and retargeted #when snapshots are compared #then both changes are observed without following targets [0.53ms]
(pass) #given a symlink escapes the observation root #when its target contents change #then the link digest stays stable [0.34ms]
(pass) #given POSIX and Windows path styles #when observed paths are classified #then only the producing style treats backslash as a separator [0.13ms]

packages/omo-senpi/scripts/qa/isolation-state.test.mjs:
(pass) #given protected and volatile files #when snapshots are compared #then only protected path changes affect isolation [0.43ms]
(pass) #given nested nonvolatile files within bounds #when scanned #then the relevant observation domain is complete [0.37ms]
(pass) #given a tree beyond the file bound #when observed #then truncation is explicit and never complete [0.34ms]
(pass) #given identical protected read failures #when snapshots are compared #then isolation fails closed with structured relative errors [0.45ms]
(pass) #given files exceed the byte budget #when observed #then descriptor reads never exceed maxBytes [0.56ms]
(pass) #given a file shrinks after traversal #when observed #then short read is explicit and incomplete [0.25ms]
(pass) #given a file grows while hashing #when observed #then growth is explicit and incomplete [0.25ms]
(pass) #given a path is replaced after open #when observed #then replacement is explicit and incomplete [0.33ms]
(pass) #given one file exceeds the byte budget #when observed #then truncation occurs without reading or BYTE_LIMIT errors [0.23ms]

packages/omo-senpi/scripts/qa/task-13.test.ts:
(pass) task 13 senpi QA scripts > #given QA scripts resolve PATH binaries #when source is inspected #then they do not shell out through command lookup [0.16ms]
(pass) task 13 senpi QA scripts > #given drive.mjs self-test #when executed #then sandbox helpers validate successfully [43.13ms]
(pass) task 13 senpi QA scripts > #given settings.json changes only its interactive stamps #when the complete-tree snapshot is compared #then the home is untouched [0.68ms]
(pass) task 13 senpi QA scripts > #given probe-continuation self-test #when executed #then continuation helpers validate successfully [46.04ms]
(pass) task 13 senpi QA scripts > #given fake omo status #when continuation probe is inspected #then it uses the current ulw-loop JSON shape [0.18ms]
(pass) task 13 senpi QA scripts > #given print mode exits before follow-up #when tmux fallback is inspected #then it drives interactive Senpi [0.10ms]
(pass) task 13 senpi QA scripts > #given continuation probe runs Senpi #when source is inspected #then it forces a sandbox session directory [0.07ms]
(pass) task 13 senpi QA scripts > #given mock provider self-test #when executed #then text and tool-call script steps validate [16.80ms]
(pass) task 13 senpi QA scripts > #given a scripted tool call #when converted to an assistant message #then it stops with toolUse [0.17ms]
(pass) task 13 senpi QA scripts > #given terminal stream events #when result is awaited #then done and error events settle the promise [0.49ms]
(pass) task 13 senpi QA scripts > #given a tool-use mock script #when streamSimple runs #then it returns a Senpi-compatible result [1.08ms]
(pass) task 13 senpi QA scripts > #given caller SENPI_CODING_AGENT_DIR #when drive.mjs runs #then it self-creates an isolated sandbox [40.56ms]
(pass) task 13 senpi QA scripts > #given an isolated child home #when cross-platform variables are built #then HOME and USERPROFILE match [0.35ms]

packages/omo-senpi/scripts/qa/isolation-review-blockers.test.mjs:
(pass) #given direct, protected-observed, persistent-observed, and volatile changes #when the canonical verdict is built #then only volatile paths are excluded from the sorted union [0.37ms]
(pass) #given only explicitly volatile observed writes #when the canonical verdict is built #then the protected home remains untouched [0.13ms]
(pass) #given a protected change or incomplete protected snapshot #when the canonical verdict is built #then untouched fails closed [0.17ms]
(pass) #given POSIX and Windows-shaped observed paths #when changes are classified #then volatile prefixes are canonical on both platforms [0.12ms]
(pass) #given credential files are absent or inaccessible #when credentialDigest reads directly #then only ENOENT is treated as absent [0.54ms]
(pass) #given bounded observation root enumeration fails #when snapshotDirectory runs #then inaccessible IO is structured and incomplete while absence is empty-complete [0.39ms]
(pass) #given digest enumeration and reads fail through injected seams #when digestDirectory runs #then transient absence is tolerated and inaccessible IO propagates [0.35ms]
(pass) #given pre-open metadata changed and current-path diagnostic stat fails #when public readers report the race #then the established replacement error wins [2.14ms]
(pass) #given a primary read error and failing shrink diagnostic #when an observed file is hashed #then the primary read error is preserved [0.42ms]
(pass) #given a primary read error and a successful shrink diagnostic #when an observed file is hashed #then the primary read error is preserved [0.35ms]
(pass) #given directory traversal and close both fail #when the tree is snapshotted #then the traversal error remains primary [0.24ms]
(pass) #given successful directory traversal and close failure #when the tree is snapshotted #then the close error surfaces [0.22ms]

 48 pass
 0 fail
 188 expect() calls
Ran 48 tests across 5 files. [1358.00ms]
